---
blockchain_configuration:
  block0_date: 1567072873
  discrimination: test
  block0_consensus: bft
  consensus_leader_ids:
    - ed25519_pk1whjpwnw43q39fqyx79asxl8vkrhgv5tt05f5qz5qepttf0d00lssltq7fg
    - ed25519_pk1vvwp2s0n5jl5f4xcjurp2e92sj2awehkrydrlas4vgqr7xzt33jsadha32
  linear_fees:
    constant: 2
    coefficient: 1
    certificate: 4
    per_certificate_fees:
      certificate_pool_registration: 5
      certificate_stake_delegation: 2
      certificate_owner_stake_delegation: 1
  slots_per_epoch: 720
  slot_duration: 5
  kes_update_speed: 43200
  consensus_genesis_praos_active_slot_coeff: "0.100"
  block_content_max_size: 102400
  epoch_stability_depth: 102400
  treasury: 1000000000000
  treasury_parameters:
    fixed: 1000
    ratio: 1/10
    max_limit: 10000
  total_reward_supply: 100000000000000
  reward_parameters:
    halving:
      constant: 100
      ratio: 13/19
      epoch_start: 1
      epoch_rate: 3
initial:
  - fund:
      - address: ca1s4uxkxptz3zx7akmugkmt4ecjjd3nmzween2qfr5enhzkt37tdt4ugqz89h
        value: 100000000000
  - cert: signedcert1qvqqqqqqqqqqqqqqqqqqqqqqqqqqqqqqqqqqqqqqqqqqqqqqqqqqr8rx5vuusdz0jghuxgrvkhdws999jnqpwlwnydwz2nvugzdxtwqgj4re3s6yqj7js55w03pyrtguvwvfm2cezv8qy7xcfvrf5yg3fc4sz7rtrq43g3r0wmd7ytd46uuffxcea38vue4qy36vem3t9cl9k467qqqqqqqqqqqqqqqqqqqqqqqqqqqqqqqqqqqqqqqpqqqqqqqqqqqqqqqpqprrm7e7sj4ljteluexy39nvrpylyxngaflylzku6uevcq0ygej047hmc82yd89pjrf925tqjm039dkdrksasyfvdl4yjzt4n2n2mqctxtncl7
  - cert: signedcert1q9uxkxptz3zx7akmugkmt4ecjjd3nmzween2qfr5enhzkt37tdt4uqt0j0039z5048mu9ayv3ujep5sl28q2cpdnx9fkvpq30lmjrrgtmqqctzczvu6e3v65m40n40c3y2pnu4vhd888dygkrtnfm0ts92fe50jy0h0ugh6wlvgy4xvr3lz4uuqzg2xgu6vv8tr24jrwhg0l09klp5wvwzl5
  - legacy_fund:
      - address: DdzFFzCqrht5TM5GznWhJ3GTpKawtJuA295F8igwXQXyt2ih1TL1XKnZqRBQBoLpyYVKfNKgCXPBUYruUneC83KjGK6QNAoBSqRJovbG
        value: 100000000000
