aa27a2258f0df9b25b5ad3969e826bf0877f3d7d912e9ff7b8dcdb3ee6cb3819
