witness1qgahpm2xhnkjrslk0md4j40vrc3zf4l8cwee8uenk4anjtvku6akzrtwgne7syafyhm4syay7x6r4rkh9pkd8498pr7q552klp4m0vqdvzdrmt
