00c80002000000030000000e0102ff0000000000000064786b182b14446f76dbe22db5d738949b19ec4ece66a02474ccee2b2e3e5b575e85a670453a1990552003ccca84c6f9974f69561709cb2fabd3d1594e89cc9c0b46000000000000003285786b182b14446f76dbe22db5d738949b19ec4ece66a02474ccee2b2e3e5b575e000000000000002b023b70ed46bced21c3f67edb5955ec1e2224d7e7c3b393f333b57b392d96e6bb610d6e44f3e813a925f75813a4f1b43a8ed7286cd3d4a708fc0a5156f86bb7b00d
